FFF.F.FF..FF......F..FFF.FFFFF.FFFFFFFF.FFF.FFFF..FF.FF...FF.FFF...FF.F. [ 15%]
.......F..................FF......................FFFFFFFFFFFFFFFFFFF.F. [ 30%]
FFFFFFFFFFFFFFFFFFFFFFFFFF...FF.......F.F...F...FFFFFFFFFFFFFFF..FFF.FF. [ 45%]
F.FF.FFFFFFFFFFFFF.FFFFF..F..FF.FFFFF..FFF.FFF.F.FFFFFFF.............F.. [ 61%]
...F.FF.FF.F..F.FFFFFF..FFFFFFFFFFFFFFFFFFFFFF.FF.FFFFFFFFF..FFFFFFFFFFF [ 76%]
FFFFF....FFFFFFFF....................F............................FF..F. [ 91%]
FF....FF.FF..FF.FF......................                                 [100%]
=========================== short test summary info ===========================
FAILED tests/test_100_coverage.py::Test100CoverageCLI::test_update_backup_and_update_templates
FAILED tests/test_100_coverage.py::Test100CoverageCLI::test_doctor_python_check
FAILED tests/test_100_coverage.py::Test100CoverageCLI::test_doctor_table_format
FAILED tests/test_100_coverage.py::Test100CoverageSpecPulse::test_template_read_errors
FAILED tests/test_100_coverage.py::Test100CoverageValidator::test_validate_spec_all_lines
FAILED tests/test_100_coverage.py::Test100CoverageValidator::test_validate_plan_all_lines
FAILED tests/test_100_coverage.py::Test100CoverageConsole::test_console_edge_cases
FAILED tests/test_100_coverage.py::Test100CoverageGitUtils::test_run_git_command_errors
FAILED tests/test_100_push.py::TestCLIRemaining::test_doctor_complete - Attri...
FAILED tests/test_100_push.py::TestSpecPulseRemaining::test_command_generation
FAILED tests/test_100_push.py::TestValidatorRemaining::test_validator_comprehensive
FAILED tests/test_100_push.py::TestConsoleRemaining::test_console_exceptions
FAILED tests/test_all_coverage.py::TestCLIComplete::test_cli_init_and_methods
FAILED tests/test_all_coverage.py::TestCLIComplete::test_cli_helper_methods
FAILED tests/test_all_coverage.py::TestCLIComplete::test_cli_validate - asser...
FAILED tests/test_all_coverage.py::TestCLIComplete::test_cli_decompose - Type...
FAILED tests/test_all_coverage.py::TestCLIComplete::test_cli_sync - Assertion...
FAILED tests/test_all_coverage.py::TestCLIComplete::test_cli_doctor - assert ...
FAILED tests/test_all_coverage.py::TestCLIComplete::test_cli_update - assert ...
FAILED tests/test_all_coverage.py::TestSpecPulseCore::test_specpulse_init_and_templates
FAILED tests/test_all_coverage.py::TestSpecPulseCore::test_specpulse_commands
FAILED tests/test_all_coverage.py::TestValidator::test_validator_complete - A...
FAILED tests/test_all_coverage.py::TestConsoleUtils::test_console_all_methods
FAILED tests/test_all_coverage.py::TestGitUtils::test_git_utils_all - Attribu...
FAILED tests/test_all_coverage.py::TestMainEntry::test_main_function - System...
FAILED tests/test_cli.py::TestSpecPulseCLI::test_cli_initialization_with_console
FAILED tests/test_cli.py::TestSpecPulseCLI::test_check_for_updates - Assertio...
FAILED tests/test_cli.py::TestSpecPulseCLI::test_check_for_updates_skip - Ass...
FAILED tests/test_cli.py::TestSpecPulseCLI::test_init_existing_project - File...
FAILED tests/test_cli.py::TestSpecPulseCLI::test_init_here - FileNotFoundErro...
FAILED tests/test_cli.py::TestSpecPulseCLI::test_create_templates - Assertion...
FAILED tests/test_cli.py::TestSpecPulseCLI::test_create_memory_files - Assert...
FAILED tests/test_cli.py::TestSpecPulseCLI::test_create_manifest - AssertionE...
FAILED tests/test_cli.py::TestSpecPulseCLI::test_validate - AssertionError: E...
FAILED tests/test_cli.py::TestSpecPulseCLI::test_validate_failure - assert Tr...
FAILED tests/test_cli.py::TestSpecPulseCLI::test_decompose - AssertionError: ...
FAILED tests/test_cli.py::TestSpecPulseCLI::test_doctor - assert False is True
FAILED tests/test_cli.py::TestSpecPulseCLI::test_update - assert False is True
FAILED tests/test_cli.py::TestMainFunction::test_main_no_args - AssertionErro...
FAILED tests/test_cli.py::TestMainFunction::test_main_with_init - AssertionEr...
FAILED tests/test_cli.py::TestMainFunction::test_main_help - SystemExit: 0
FAILED tests/test_cli_complete.py::TestSpecPulseCLI::test_init_command_new_project
FAILED tests/test_cli_complete.py::TestSpecPulseCLI::test_init_command_here
FAILED tests/test_cli_complete.py::TestSpecPulseCLI::test_init_command_no_name_no_here
FAILED tests/test_cli_complete.py::TestSpecPulseCLI::test_update_command - At...
FAILED tests/test_cli_complete.py::TestSpecPulseCLI::test_doctor_command_all_pass
FAILED tests/test_cli_complete.py::TestSpecPulseCLI::test_doctor_command_some_fail
FAILED tests/test_console_complete.py::TestConsoleComplete::test_show_banner
FAILED tests/test_console_complete.py::TestConsoleComplete::test_show_banner_mini
FAILED tests/test_console_complete.py::TestConsoleComplete::test_gradient_text
FAILED tests/test_console_complete.py::TestConsoleComplete::test_header - Ass...
FAILED tests/test_console_complete.py::TestConsoleComplete::test_success - As...
FAILED tests/test_console_complete.py::TestConsoleComplete::test_error - Asse...
FAILED tests/test_console_complete.py::TestConsoleComplete::test_warning - As...
FAILED tests/test_console_complete.py::TestConsoleComplete::test_info - TypeE...
FAILED tests/test_console_complete.py::TestConsoleComplete::test_animated_success
FAILED tests/test_console_complete.py::TestConsoleComplete::test_pulse_animation
FAILED tests/test_console_complete.py::TestConsoleComplete::test_spinner - Ty...
FAILED tests/test_console_complete.py::TestConsoleComplete::test_progress_bar
FAILED tests/test_console_complete.py::TestConsoleComplete::test_table - Asse...
FAILED tests/test_console_complete.py::TestConsoleComplete::test_status_panel
FAILED tests/test_console_complete.py::TestConsoleComplete::test_section - As...
FAILED tests/test_console_complete.py::TestConsoleComplete::test_divider - As...
FAILED tests/test_console_complete.py::TestConsoleComplete::test_validation_results
FAILED tests/test_console_complete.py::TestConsoleComplete::test_celebration
FAILED tests/test_console_complete.py::TestConsoleComplete::test_feature_showcase
FAILED tests/test_console_complete.py::TestConsoleComplete::test_verbose_mode
FAILED tests/test_console_complete.py::TestConsoleComplete::test_complex_output
FAILED tests/test_core.py::TestSpecPulse::test_initialization - AttributeErro...
FAILED tests/test_core.py::TestSpecPulse::test_get_template - AttributeError:...
FAILED tests/test_core.py::TestSpecPulse::test_get_template_not_found - Attri...
FAILED tests/test_core.py::TestSpecPulse::test_get_template_with_variables - ...
FAILED tests/test_core.py::TestSpecPulse::test_generate_claude_commands - Att...
FAILED tests/test_core.py::TestSpecPulse::test_generate_gemini_commands - Att...
FAILED tests/test_core.py::TestSpecPulse::test_decompose_specification - Attr...
FAILED tests/test_core.py::TestSpecPulse::test_decompose_empty_specification
FAILED tests/test_core.py::TestValidator::test_initialization - AttributeErro...
FAILED tests/test_core.py::TestValidator::test_validate_project_empty - Attri...
FAILED tests/test_core.py::TestValidator::test_validate_project_complete - At...
FAILED tests/test_core.py::TestValidator::test_validate_memory - AttributeErr...
FAILED tests/test_core.py::TestValidator::test_validate_memory_missing - Attr...
FAILED tests/test_core.py::TestValidator::test_validate_templates - Attribute...
FAILED tests/test_core.py::TestValidator::test_validate_directories - Attribu...
FAILED tests/test_core.py::TestValidator::test_validate_specs - TypeError: Va...
FAILED tests/test_core.py::TestValidator::test_validate_specs_with_content - ...
FAILED tests/test_core.py::TestValidator::test_validate_constitution - Attrib...
FAILED tests/test_core.py::TestValidator::test_validate_constitution_missing
FAILED tests/test_core.py::TestValidator::test_check_phase_gates - AttributeE...
FAILED tests/test_core.py::TestValidator::test_generate_validation_report - A...
FAILED tests/test_core.py::TestValidator::test_validate_spec_content - Attrib...
FAILED tests/test_core.py::TestValidator::test_validate_spec_content_invalid
FAILED tests/test_core.py::TestValidator::test_validate_plan_content - Attrib...
FAILED tests/test_core.py::TestValidator::test_validate_task_content - Attrib...
FAILED tests/test_core_complete.py::TestSpecPulseCore::test_init_with_pkg_resources
FAILED tests/test_core_complete.py::TestSpecPulseCore::test_init_with_fallback_path
FAILED tests/test_core_complete.py::TestSpecPulseCore::test_get_task_template_fallback
FAILED tests/test_core_complete.py::TestSpecPulseCore::test_get_constitution_template_fallback
FAILED tests/test_core_complete.py::TestSpecPulseCore::test_get_decisions_template_fallback
FAILED tests/test_core_complete.py::TestSpecPulseCore::test_get_decomposition_template_fallback
FAILED tests/test_core_complete.py::TestSpecPulseCore::test_decompose_spec_basic
FAILED tests/test_core_complete.py::TestSpecPulseCore::test_decompose_spec_empty
FAILED tests/test_core_complete.py::TestSpecPulseCore::test_decompose_spec_no_sections
FAILED tests/test_core_complete.py::TestSpecPulseCore::test_validate_project_structure_complete
FAILED tests/test_core_complete.py::TestSpecPulseCore::test_validate_project_structure_missing_dirs
FAILED tests/test_core_complete.py::TestSpecPulseCore::test_validate_project_structure_missing_memory_files
FAILED tests/test_core_complete.py::TestSpecPulseCore::test_get_project_stats
FAILED tests/test_core_complete.py::TestSpecPulseCore::test_get_project_stats_empty
FAILED tests/test_core_complete.py::TestSpecPulseCore::test_generate_claude_commands
FAILED tests/test_core_complete.py::TestSpecPulseCore::test_generate_claude_commands_no_files
FAILED tests/test_core_complete.py::TestSpecPulseCore::test_generate_claude_commands_invalid_yaml
FAILED tests/test_core_complete.py::TestSpecPulseCore::test_generate_gemini_commands
FAILED tests/test_core_complete.py::TestSpecPulseCore::test_generate_gemini_commands_no_files
FAILED tests/test_core_complete.py::TestSpecPulseCore::test_generate_gemini_commands_invalid_toml
FAILED tests/test_final_coverage.py::TestCLIDoctorLines::test_doctor_python_version_check
FAILED tests/test_final_coverage.py::TestCLIDoctorLines::test_doctor_git_not_installed
FAILED tests/test_final_coverage.py::TestCLIDoctorLines::test_doctor_overall_health
FAILED tests/test_final_coverage.py::TestSpecPulseCore::test_template_errors
FAILED tests/test_final_coverage.py::TestSpecPulseCore::test_command_generation_errors
FAILED tests/test_final_coverage.py::TestValidatorMissingLines::test_validate_methods
FAILED tests/test_final_coverage.py::TestValidatorMissingLines::test_fix_methods
FAILED tests/test_final_coverage.py::TestConsoleEdgeCases::test_console_error_handling
FAILED tests/test_full_coverage.py::TestFullCoverage::test_cli_full_workflow
FAILED tests/test_full_coverage.py::TestFullCoverage::test_cli_helper_methods
FAILED tests/test_full_coverage.py::TestFullCoverage::test_specpulse_core - A...
FAILED tests/test_full_coverage.py::TestFullCoverage::test_validator - Attrib...
FAILED tests/test_full_coverage.py::TestFullCoverage::test_console - Attribut...
FAILED tests/test_full_coverage.py::TestFullCoverage::test_git_utils - Attrib...
FAILED tests/test_full_coverage.py::TestFullCoverage::test_main_function - Sy...
FAILED tests/test_git_utils_complete.py::TestGitUtilsComplete::test_initialization_with_path
FAILED tests/test_git_utils_complete.py::TestGitUtilsComplete::test_initialization_without_path
FAILED tests/test_git_utils_complete.py::TestGitUtilsComplete::test_check_git_installed_true
FAILED tests/test_git_utils_complete.py::TestGitUtilsComplete::test_check_git_installed_false
FAILED tests/test_git_utils_complete.py::TestGitUtilsComplete::test_check_git_installed_exception
FAILED tests/test_git_utils_complete.py::TestGitUtilsComplete::test_is_git_repo_true
FAILED tests/test_git_utils_complete.py::TestGitUtilsComplete::test_is_git_repo_no_path
FAILED tests/test_git_utils_complete.py::TestGitUtilsComplete::test_init_repo
FAILED tests/test_git_utils_complete.py::TestGitUtilsComplete::test_init_repo_exception
FAILED tests/test_git_utils_complete.py::TestGitUtilsComplete::test_add_files_all
FAILED tests/test_git_utils_complete.py::TestGitUtilsComplete::test_add_files_specific
FAILED tests/test_git_utils_complete.py::TestGitUtilsComplete::test_commit - ...
FAILED tests/test_git_utils_complete.py::TestGitUtilsComplete::test_push_default
FAILED tests/test_git_utils_complete.py::TestGitUtilsComplete::test_push_custom
FAILED tests/test_git_utils_complete.py::TestGitUtilsComplete::test_pull_default
FAILED tests/test_git_utils_complete.py::TestGitUtilsComplete::test_pull_custom
FAILED tests/test_git_utils_complete.py::TestGitUtilsComplete::test_get_status
FAILED tests/test_git_utils_complete.py::TestGitUtilsComplete::test_get_status_no_repo
FAILED tests/test_git_utils_complete.py::TestGitUtilsComplete::test_get_current_branch
FAILED tests/test_git_utils_complete.py::TestGitUtilsComplete::test_create_branch
FAILED tests/test_git_utils_complete.py::TestGitUtilsComplete::test_create_branch_with_checkout
FAILED tests/test_git_utils_complete.py::TestGitUtilsComplete::test_checkout_branch
FAILED tests/test_git_utils_complete.py::TestGitUtilsComplete::test_get_commits
FAILED tests/test_git_utils_complete.py::TestGitUtilsComplete::test_get_remote_url
FAILED tests/test_git_utils_complete.py::TestGitUtilsComplete::test_get_remote_url_custom
FAILED tests/test_git_utils_complete.py::TestGitUtilsComplete::test_has_changes_true
FAILED tests/test_git_utils_complete.py::TestGitUtilsComplete::test_has_changes_untracked
FAILED tests/test_maximum_coverage.py::test_version_check_all_paths - Excepti...
FAILED tests/test_maximum_coverage.py::test_console_all_methods - AttributeEr...
FAILED tests/test_maximum_coverage.py::test_git_utils_all_methods - Attribute...
FAILED tests/test_maximum_coverage.py::test_specpulse_core_all_methods - Attr...
FAILED tests/test_maximum_coverage.py::test_validator_all_methods - Attribute...
FAILED tests/test_maximum_coverage.py::test_cli_main_entry - SystemExit: 0
FAILED tests/test_specpulse_full.py::TestSpecPulseFull::test_get_constitution_template_fallback
FAILED tests/test_specpulse_full.py::TestSpecPulseFull::test_get_decomposition_template_fallbacks
FAILED tests/test_specpulse_full.py::TestSpecPulseFull::test_get_decisions_template_fallback
FAILED tests/test_specpulse_full.py::TestSpecPulseFull::test_all_script_getters
FAILED tests/test_specpulse_full.py::TestSpecPulseFull::test_all_claude_getters
FAILED tests/test_specpulse_full.py::TestSpecPulseFull::test_claude_getters_fallback
FAILED tests/test_specpulse_full.py::TestSpecPulseFull::test_edge_cases - yam...
FAILED tests/test_utils.py::TestConsole::test_banner - AttributeError: 'Conso...
FAILED tests/test_utils.py::TestConsole::test_success - AssertionError: expec...
FAILED tests/test_utils.py::TestConsole::test_error - AssertionError: expecte...
FAILED tests/test_utils.py::TestConsole::test_warning - AssertionError: expec...
FAILED tests/test_utils.py::TestConsole::test_info - AssertionError: expected...
FAILED tests/test_utils.py::TestConsole::test_step - AttributeError: 'Console...
FAILED tests/test_utils.py::TestConsole::test_print - AttributeError: 'Consol...
FAILED tests/test_utils.py::TestConsole::test_progress_bar - TypeError: canno...
FAILED tests/test_utils.py::TestConsole::test_print_table - AttributeError: '...
FAILED tests/test_utils.py::TestConsole::test_print_tree - AttributeError: 'C...
FAILED tests/test_utils.py::TestConsole::test_print_code - AttributeError: 'C...
FAILED tests/test_utils.py::TestConsole::test_divider - AssertionError: Expec...
FAILED tests/test_utils.py::TestConsole::test_phase_gate - AttributeError: 'C...
FAILED tests/test_utils.py::TestConsole::test_constitution_article - Attribut...
FAILED tests/test_utils.py::TestGitUtils::test_initialization_with_repo - Att...
FAILED tests/test_utils.py::TestGitUtils::test_initialization_without_repo - ...
FAILED tests/test_utils.py::TestGitUtils::test_is_repo - AttributeError: 'Git...
FAILED tests/test_utils.py::TestGitUtils::test_init_repo - AssertionError: Ex...
FAILED tests/test_utils.py::TestGitUtils::test_add_files - assert False is True
FAILED tests/test_utils.py::TestGitUtils::test_commit - assert False is True
FAILED tests/test_utils.py::TestGitUtils::test_push - assert False is True
FAILED tests/test_utils.py::TestGitUtils::test_pull - assert False is True
FAILED tests/test_utils.py::TestGitUtils::test_get_status - TypeError: argume...
FAILED tests/test_utils.py::TestGitUtils::test_get_current_branch - Assertion...
FAILED tests/test_utils.py::TestGitUtils::test_create_branch - assert False i...
FAILED tests/test_utils.py::TestGitUtils::test_checkout_branch - assert False...
FAILED tests/test_utils.py::TestGitUtils::test_get_commits - AttributeError: ...
FAILED tests/test_utils.py::TestGitUtils::test_get_remote_url - AssertionErro...
FAILED tests/test_utils.py::TestGitUtils::test_has_changes - assert False is ...
FAILED tests/test_validator_complete.py::TestValidatorComplete::test_initialization_with_path
FAILED tests/test_validator_complete.py::TestValidatorComplete::test_initialization_without_path
FAILED tests/test_validator_complete.py::TestValidatorComplete::test_validate_all_with_fix
FAILED tests/test_validator_complete.py::TestValidatorComplete::test_validate_all_verbose
FAILED tests/test_validator_complete.py::TestValidatorComplete::test_validate_spec
FAILED tests/test_validator_complete.py::TestValidatorComplete::test_validate_spec_no_specs
FAILED tests/test_validator_complete.py::TestValidatorComplete::test_validate_spec_with_fix
FAILED tests/test_validator_complete.py::TestValidatorComplete::test_validate_plan
FAILED tests/test_validator_complete.py::TestValidatorComplete::test_validate_plan_no_plans
FAILED tests/test_validator_complete.py::TestValidatorComplete::test_validate_plan_with_fix
FAILED tests/test_validator_complete.py::TestValidatorComplete::test_validate_constitution
FAILED tests/test_validator_complete.py::TestValidatorComplete::test_check_structure
FAILED tests/test_validator_complete.py::TestValidatorComplete::test_check_structure_missing_dirs
FAILED tests/test_validator_complete.py::TestValidatorComplete::test_check_memory_files
FAILED tests/test_validator_complete.py::TestValidatorComplete::test_check_memory_files_missing
FAILED tests/test_validator_complete.py::TestValidatorComplete::test_check_specs
FAILED tests/test_validator_complete.py::TestValidatorComplete::test_check_specs_invalid_format
FAILED tests/test_validator_complete.py::TestValidatorComplete::test_check_plans
FAILED tests/test_validator_complete.py::TestValidatorComplete::test_check_plans_invalid_format
FAILED tests/test_validator_complete.py::TestValidatorComplete::test_check_constitution
FAILED tests/test_validator_complete.py::TestValidatorComplete::test_check_constitution_missing_articles
FAILED tests/test_validator_complete.py::TestValidatorComplete::test_fix_structure
FAILED tests/test_validator_complete.py::TestValidatorComplete::test_fix_memory_files
FAILED tests/test_validator_complete.py::TestValidatorComplete::test_validate_spec_content
FAILED tests/test_validator_complete.py::TestValidatorComplete::test_validate_spec_content_invalid
FAILED tests/test_validator_complete.py::TestValidatorComplete::test_validate_plan_content
FAILED tests/test_validator_complete.py::TestValidatorComplete::test_validate_plan_content_invalid
FAILED tests/test_validator_full.py::TestValidatorFull::test_validate_spec_no_directory
FAILED tests/test_validator_full.py::TestValidatorFull::test_validate_spec_with_name_found
FAILED tests/test_validator_full.py::TestValidatorFull::test_validate_spec_with_name_not_found
FAILED tests/test_validator_full.py::TestValidatorFull::test_validate_spec_all
FAILED tests/test_validator_full.py::TestValidatorFull::test_validate_plan_no_directory
FAILED tests/test_validator_full.py::TestValidatorFull::test_validate_plan_with_name_found
FAILED tests/test_validator_full.py::TestValidatorFull::test_validate_plan_with_name_not_found
FAILED tests/test_validator_full.py::TestValidatorFull::test_validate_plan_all
FAILED tests/test_validator_full.py::TestValidatorFull::test_edge_cases - Typ...
FAILED tests/test_working_coverage.py::TestSpecPulseActual::test_get_templates
FAILED tests/test_working_coverage.py::TestSpecPulseActual::test_get_decomposition_template
FAILED tests/test_working_coverage.py::TestValidatorActual::test_validator_init
FAILED tests/test_working_coverage.py::TestValidatorActual::test_validate_spec_method
FAILED tests/test_working_coverage.py::TestValidatorActual::test_validate_plan_method
FAILED tests/test_working_coverage.py::TestConsoleActual::test_console_methods
FAILED tests/test_working_coverage.py::TestConsoleActual::test_console_section
FAILED tests/test_working_coverage.py::TestConsoleActual::test_console_spinner
FAILED tests/test_working_coverage.py::TestConsoleActual::test_console_animated_text
FAILED tests/test_working_coverage.py::TestConsoleActual::test_console_table
FAILED tests/test_working_coverage.py::TestConsoleActual::test_console_tree
FAILED tests/test_working_coverage.py::TestGitUtilsActual::test_check_git_installed
FAILED tests/test_working_coverage.py::TestGitUtilsActual::test_is_git_repo
